  menu.cpp
LINK : warning LNK4098: defaultlib 'LIBCMT' conflicts with use of other libs; use /NODEFAULTLIB:library
  Generating code
  6 of 2749 functions ( 0.2%) were compiled, the rest were copied from previous compilation.
    0 functions were new in current compilation
    17 functions had inline decision re-evaluated but remain unchanged
  Finished generating code
freetype.lib(ftinit.obj) : warning LNK4099: PDB 'freetype.pdb' was not found with 'freetype.lib(ftinit.obj)' or at 'C:\Users\nico\Desktop\menu\zdraw-main\bin\freetype.pdb'; linking object as if no debug info
freetype.lib(ftbase.obj) : warning LNK4099: PDB 'freetype.pdb' was not found with 'freetype.lib(ftbase.obj)' or at 'C:\Users\nico\Desktop\menu\zdraw-main\bin\freetype.pdb'; linking object as if no debug info
freetype.lib(autofit.obj) : warning LNK4099: PDB 'freetype.pdb' was not found with 'freetype.lib(autofit.obj)' or at 'C:\Users\nico\Desktop\menu\zdraw-main\bin\freetype.pdb'; linking object as if no debug info
freetype.lib(truetype.obj) : warning LNK4099: PDB 'freetype.pdb' was not found with 'freetype.lib(truetype.obj)' or at 'C:\Users\nico\Desktop\menu\zdraw-main\bin\freetype.pdb'; linking object as if no debug info
freetype.lib(type1.obj) : warning LNK4099: PDB 'freetype.pdb' was not found with 'freetype.lib(type1.obj)' or at 'C:\Users\nico\Desktop\menu\zdraw-main\bin\freetype.pdb'; linking object as if no debug info
freetype.lib(cff.obj) : warning LNK4099: PDB 'freetype.pdb' was not found with 'freetype.lib(cff.obj)' or at 'C:\Users\nico\Desktop\menu\zdraw-main\bin\freetype.pdb'; linking object as if no debug info
freetype.lib(type1cid.obj) : warning LNK4099: PDB 'freetype.pdb' was not found with 'freetype.lib(type1cid.obj)' or at 'C:\Users\nico\Desktop\menu\zdraw-main\bin\freetype.pdb'; linking object as if no debug info
freetype.lib(pfr.obj) : warning LNK4099: PDB 'freetype.pdb' was not found with 'freetype.lib(pfr.obj)' or at 'C:\Users\nico\Desktop\menu\zdraw-main\bin\freetype.pdb'; linking object as if no debug info
freetype.lib(type42.obj) : warning LNK4099: PDB 'freetype.pdb' was not found with 'freetype.lib(type42.obj)' or at 'C:\Users\nico\Desktop\menu\zdraw-main\bin\freetype.pdb'; linking object as if no debug info
freetype.lib(winfnt.obj) : warning LNK4099: PDB 'freetype.pdb' was not found with 'freetype.lib(winfnt.obj)' or at 'C:\Users\nico\Desktop\menu\zdraw-main\bin\freetype.pdb'; linking object as if no debug info
freetype.lib(pcf.obj) : warning LNK4099: PDB 'freetype.pdb' was not found with 'freetype.lib(pcf.obj)' or at 'C:\Users\nico\Desktop\menu\zdraw-main\bin\freetype.pdb'; linking object as if no debug info
freetype.lib(bdf.obj) : warning LNK4099: PDB 'freetype.pdb' was not found with 'freetype.lib(bdf.obj)' or at 'C:\Users\nico\Desktop\menu\zdraw-main\bin\freetype.pdb'; linking object as if no debug info
freetype.lib(psaux.obj) : warning LNK4099: PDB 'freetype.pdb' was not found with 'freetype.lib(psaux.obj)' or at 'C:\Users\nico\Desktop\menu\zdraw-main\bin\freetype.pdb'; linking object as if no debug info
freetype.lib(psmodule.obj) : warning LNK4099: PDB 'freetype.pdb' was not found with 'freetype.lib(psmodule.obj)' or at 'C:\Users\nico\Desktop\menu\zdraw-main\bin\freetype.pdb'; linking object as if no debug info
freetype.lib(pshinter.obj) : warning LNK4099: PDB 'freetype.pdb' was not found with 'freetype.lib(pshinter.obj)' or at 'C:\Users\nico\Desktop\menu\zdraw-main\bin\freetype.pdb'; linking object as if no debug info
freetype.lib(sfnt.obj) : warning LNK4099: PDB 'freetype.pdb' was not found with 'freetype.lib(sfnt.obj)' or at 'C:\Users\nico\Desktop\menu\zdraw-main\bin\freetype.pdb'; linking object as if no debug info
freetype.lib(smooth.obj) : warning LNK4099: PDB 'freetype.pdb' was not found with 'freetype.lib(smooth.obj)' or at 'C:\Users\nico\Desktop\menu\zdraw-main\bin\freetype.pdb'; linking object as if no debug info
freetype.lib(raster.obj) : warning LNK4099: PDB 'freetype.pdb' was not found with 'freetype.lib(raster.obj)' or at 'C:\Users\nico\Desktop\menu\zdraw-main\bin\freetype.pdb'; linking object as if no debug info
freetype.lib(sdf.obj) : warning LNK4099: PDB 'freetype.pdb' was not found with 'freetype.lib(sdf.obj)' or at 'C:\Users\nico\Desktop\menu\zdraw-main\bin\freetype.pdb'; linking object as if no debug info
freetype.lib(svg.obj) : warning LNK4099: PDB 'freetype.pdb' was not found with 'freetype.lib(svg.obj)' or at 'C:\Users\nico\Desktop\menu\zdraw-main\bin\freetype.pdb'; linking object as if no debug info
freetype.lib(ftsystem.obj) : warning LNK4099: PDB 'freetype.pdb' was not found with 'freetype.lib(ftsystem.obj)' or at 'C:\Users\nico\Desktop\menu\zdraw-main\bin\freetype.pdb'; linking object as if no debug info
freetype.lib(ftmm.obj) : warning LNK4099: PDB 'freetype.pdb' was not found with 'freetype.lib(ftmm.obj)' or at 'C:\Users\nico\Desktop\menu\zdraw-main\bin\freetype.pdb'; linking object as if no debug info
freetype.lib(ftgzip.obj) : warning LNK4099: PDB 'freetype.pdb' was not found with 'freetype.lib(ftgzip.obj)' or at 'C:\Users\nico\Desktop\menu\zdraw-main\bin\freetype.pdb'; linking object as if no debug info
freetype.lib(ftlzw.obj) : warning LNK4099: PDB 'freetype.pdb' was not found with 'freetype.lib(ftlzw.obj)' or at 'C:\Users\nico\Desktop\menu\zdraw-main\bin\freetype.pdb'; linking object as if no debug info
freetype.lib(ftbitmap.obj) : warning LNK4099: PDB 'freetype.pdb' was not found with 'freetype.lib(ftbitmap.obj)' or at 'C:\Users\nico\Desktop\menu\zdraw-main\bin\freetype.pdb'; linking object as if no debug info
freetype.lib(ftdebug.obj) : warning LNK4099: PDB 'freetype.pdb' was not found with 'freetype.lib(ftdebug.obj)' or at 'C:\Users\nico\Desktop\menu\zdraw-main\bin\freetype.pdb'; linking object as if no debug info
  zdraw.vcxproj -> C:\Users\nico\Desktop\menu\zdraw-main\bin\zdraw.exe
